Unrecognized Attribute type with name index 29 and type -1
Got magic value cafebabe
Got minor version 0
Got major version 52
Got Constant Pool size 49
Got Access Flags 33
This Class name is 41 //App
Super Class name is 42 //java/lang/Object
Interface count: 0, Field count: 0, Method count: 2, attributes: 1

Constant Pool:
    1 Method Ref           #12.#31 (java/lang/Object.<init> ()V)
    2 Method Ref           #32.#33 (java/lang/System.lineSeparator ()Ljava/lang/String;)
    3 String               #34
    4 Class                #35 (java/lang/StringBuilder)
    5 Method Ref           #4.#31 (java/lang/StringBuilder.<init> ()V)
    6 Method Ref           #4.#36 (java/lang/StringBuilder.append (Ljava/lang/String;)Ljava/lang/StringBuilder;)
    7 String               #37
    8 Method Ref           #4.#38 (java/lang/StringBuilder.toString ()Ljava/lang/String;)
    9 Class                #39 (java/lang/String)
   10 Method Ref           #9.#40 (java/lang/String.<init> ([C)V)
   11 Class                #41 (App)
   12 Class                #42 (java/lang/Object)
   13 UTF8                 <init>
   14 UTF8                 ()V
   15 UTF8                 Code
   16 UTF8                 LineNumberTable
   17 UTF8                 LocalVariableTable
   18 UTF8                 this
   19 UTF8                 LApp;
   20 UTF8                 main
   21 UTF8                 ([Ljava/lang/String;)V
   22 UTF8                 args
   23 UTF8                 [Ljava/lang/String;
   24 UTF8                 separator
   25 UTF8                 Ljava/lang/String;
   26 UTF8                 s
   27 UTF8                 added
   28 UTF8                 manual
   29 UTF8                 SourceFile
   30 UTF8                 App.java
   31 Name and Type        #13:#14 (()V <init>)
   32 Class                #43 (java/lang/System)
   33 Name and Type        #44:#45 (()Ljava/lang/String; lineSeparator)
   34 UTF8                 some text
   35 UTF8                 java/lang/StringBuilder
   36 Name and Type        #46:#47 ((Ljava/lang/String;)Ljava/lang/StringBuilder; append)
   37 UTF8                  and some other text
   38 Name and Type        #48:#45 (()Ljava/lang/String; toString)
   39 UTF8                 java/lang/String
   40 Name and Type        #13:#49 (([C)V <init>)
   41 UTF8                 App
   42 UTF8                 java/lang/Object
   43 UTF8                 java/lang/System
   44 UTF8                 lineSeparator
   45 UTF8                 ()Ljava/lang/String;
   46 UTF8                 append
   47 UTF8                 (Ljava/lang/String;)Ljava/lang/StringBuilder;
   48 UTF8                 toString
   49 UTF8                 ([C)V

Field Pool:

Method Pool:
Method #1
<init> ()V
Stack size: 1, Local size: 1
	    0: aload_0
	    1: invokespecial 1 //java/lang/Object.<init>:()V
	    4: return
	Line Number Table
		line 2: 0

Method #2
main ([Ljava/lang/String;)V
Stack size: 6, Local size: 5
	    0: invokestatic 2 //java/lang/System.lineSeparator:()Ljava/lang/String;
	    3: astore_1
	    4: ldc 3
	    6: astore_2
	    7: new 4
	   10: dup
	   11: invokespecial 5 //java/lang/StringBuilder.<init>:()V
	   14: aload_2
	   15: invokevirtual 6 //java/lang/StringBuilder.append:(Ljava/lang/String;)Ljava/lang/StringBuilder;
	   18: ldc 7
	   20: invokevirtual 6 //java/lang/StringBuilder.append:(Ljava/lang/String;)Ljava/lang/StringBuilder;
	   23: invokevirtual 8 //java/lang/StringBuilder.toString:()Ljava/lang/String;
	   26: astore_3
	   27: new 9
	   30: dup
	   31: iconst_3
	   32: newarray
	   33: iconst_2
	   34: dup
	   35: iconst_0
	   36: bipush 97
	   38: castore
	   39: dup
	   40: iconst_1
	   41: bipush 98
	   43: castore
	   44: dup
	   45: iconst_2
	   46: bipush 99
	   48: castore
	   49: invokespecial 10 //java/lang/String.<init>:([C)V
	   52: astore 4
	   54: return
	Line Number Table
		line 4: 0
		line 5: 4
		line 6: 7
		line 7: 27
		line 8: 54
